------------------------------------------------------------
Timing Analyzer Summary
------------------------------------------------------------

Type  : Slow 1100mV 85C Model Setup 'debouncer:inst15|out_key'
Slack : -6.610
TNS   : -113.198

Type  : Slow 1100mV 85C Model Setup 'CLKPLACA'
Slack : -4.543
TNS   : -35.943

Type  : Slow 1100mV 85C Model Hold 'CLKPLACA'
Slack : 0.427
TNS   : 0.000

Type  : Slow 1100mV 85C Model Hold 'debouncer:inst15|out_key'
Slack : 0.656
TNS   : 0.000

Type  : Slow 1100mV 85C Model Recovery 'debouncer:inst15|out_key'
Slack : -5.022
TNS   : -69.606

Type  : Slow 1100mV 85C Model Removal 'debouncer:inst15|out_key'
Slack : 1.973
TNS   : 0.000

Type  : Slow 1100mV 85C Model Minimum Pulse Width 'debouncer:inst15|out_key'
Slack : -2.636
TNS   : -50.875

Type  : Slow 1100mV 85C Model Minimum Pulse Width 'CLKPLACA'
Slack : -0.538
TNS   : -14.117

Type  : Slow 1100mV 0C Model Setup 'debouncer:inst15|out_key'
Slack : -6.753
TNS   : -114.585

Type  : Slow 1100mV 0C Model Setup 'CLKPLACA'
Slack : -4.674
TNS   : -36.114

Type  : Slow 1100mV 0C Model Hold 'CLKPLACA'
Slack : 0.438
TNS   : 0.000

Type  : Slow 1100mV 0C Model Hold 'debouncer:inst15|out_key'
Slack : 0.609
TNS   : 0.000

Type  : Slow 1100mV 0C Model Recovery 'debouncer:inst15|out_key'
Slack : -5.102
TNS   : -70.021

Type  : Slow 1100mV 0C Model Removal 'debouncer:inst15|out_key'
Slack : 2.026
TNS   : 0.000

Type  : Slow 1100mV 0C Model Minimum Pulse Width 'debouncer:inst15|out_key'
Slack : -2.636
TNS   : -50.812

Type  : Slow 1100mV 0C Model Minimum Pulse Width 'CLKPLACA'
Slack : -0.538
TNS   : -14.292

Type  : Fast 1100mV 85C Model Setup 'debouncer:inst15|out_key'
Slack : -3.286
TNS   : -54.056

Type  : Fast 1100mV 85C Model Setup 'CLKPLACA'
Slack : -2.749
TNS   : -8.869

Type  : Fast 1100mV 85C Model Hold 'CLKPLACA'
Slack : 0.198
TNS   : 0.000

Type  : Fast 1100mV 85C Model Hold 'debouncer:inst15|out_key'
Slack : 0.342
TNS   : 0.000

Type  : Fast 1100mV 85C Model Recovery 'debouncer:inst15|out_key'
Slack : -2.413
TNS   : -32.970

Type  : Fast 1100mV 85C Model Removal 'debouncer:inst15|out_key'
Slack : 1.024
TNS   : 0.000

Type  : Fast 1100mV 85C Model Minimum Pulse Width 'debouncer:inst15|out_key'
Slack : -2.174
TNS   : -30.962

Type  : Fast 1100mV 85C Model Minimum Pulse Width 'CLKPLACA'
Slack : -0.325
TNS   : -1.938

Type  : Fast 1100mV 0C Model Setup 'debouncer:inst15|out_key'
Slack : -3.090
TNS   : -50.725

Type  : Fast 1100mV 0C Model Setup 'CLKPLACA'
Slack : -2.312
TNS   : -6.944

Type  : Fast 1100mV 0C Model Hold 'CLKPLACA'
Slack : 0.186
TNS   : 0.000

Type  : Fast 1100mV 0C Model Hold 'debouncer:inst15|out_key'
Slack : 0.289
TNS   : 0.000

Type  : Fast 1100mV 0C Model Recovery 'debouncer:inst15|out_key'
Slack : -2.261
TNS   : -31.479

Type  : Fast 1100mV 0C Model Removal 'debouncer:inst15|out_key'
Slack : 1.013
TNS   : 0.000

Type  : Fast 1100mV 0C Model Minimum Pulse Width 'debouncer:inst15|out_key'
Slack : -2.174
TNS   : -30.886

Type  : Fast 1100mV 0C Model Minimum Pulse Width 'CLKPLACA'
Slack : -0.335
TNS   : -1.981

------------------------------------------------------------
